Archive member included to satisfy reference by file (symbol)

C:/ST/STM32CubeIDE_1.16.0/STM32CubeIDE/plugins/com.st.stm32cube.ide.mcu.externaltools.gnu-tools-for-stm32.12.3.rel1.win32_1.0.200.202406191623/tools/bin/../lib/gcc/arm-none-eabi/12.3.1/../../../../arm-none-eabi/lib/thumb/v7e-m+fp/hard\libc_nano.a(libc_a-exit.o)
                              C:/ST/STM32CubeIDE_1.16.0/STM32CubeIDE/plugins/com.st.stm32cube.ide.mcu.externaltools.gnu-tools-for-stm32.12.3.rel1.win32_1.0.200.202406191623/tools/bin/../lib/gcc/arm-none-eabi/12.3.1/../../../../arm-none-eabi/lib/thumb/v7e-m+fp/hard/crt0.o (exit)
C:/ST/STM32CubeIDE_1.16.0/STM32CubeIDE/plugins/com.st.stm32cube.ide.mcu.externaltools.gnu-tools-for-stm32.12.3.rel1.win32_1.0.200.202406191623/tools/bin/../lib/gcc/arm-none-eabi/12.3.1/../../../../arm-none-eabi/lib/thumb/v7e-m+fp/hard\libc_nano.a(libc_a-findfp.o)
                              C:/ST/STM32CubeIDE_1.16.0/STM32CubeIDE/plugins/com.st.stm32cube.ide.mcu.externaltools.gnu-tools-for-stm32.12.3.rel1.win32_1.0.200.202406191623/tools/bin/../lib/gcc/arm-none-eabi/12.3.1/../../../../arm-none-eabi/lib/thumb/v7e-m+fp/hard\libc_nano.a(libc_a-exit.o) (__stdio_exit_handler)
C:/ST/STM32CubeIDE_1.16.0/STM32CubeIDE/plugins/com.st.stm32cube.ide.mcu.externaltools.gnu-tools-for-stm32.12.3.rel1.win32_1.0.200.202406191623/tools/bin/../lib/gcc/arm-none-eabi/12.3.1/../../../../arm-none-eabi/lib/thumb/v7e-m+fp/hard\libc_nano.a(libc_a-fwalk.o)
                              C:/ST/STM32CubeIDE_1.16.0/STM32CubeIDE/plugins/com.st.stm32cube.ide.mcu.externaltools.gnu-tools-for-stm32.12.3.rel1.win32_1.0.200.202406191623/tools/bin/../lib/gcc/arm-none-eabi/12.3.1/../../../../arm-none-eabi/lib/thumb/v7e-m+fp/hard\libc_nano.a(libc_a-findfp.o) (_fwalk_sglue)
C:/ST/STM32CubeIDE_1.16.0/STM32CubeIDE/plugins/com.st.stm32cube.ide.mcu.externaltools.gnu-tools-for-stm32.12.3.rel1.win32_1.0.200.202406191623/tools/bin/../lib/gcc/arm-none-eabi/12.3.1/../../../../arm-none-eabi/lib/thumb/v7e-m+fp/hard\libc_nano.a(libc_a-stdio.o)
                              C:/ST/STM32CubeIDE_1.16.0/STM32CubeIDE/plugins/com.st.stm32cube.ide.mcu.externaltools.gnu-tools-for-stm32.12.3.rel1.win32_1.0.200.202406191623/tools/bin/../lib/gcc/arm-none-eabi/12.3.1/../../../../arm-none-eabi/lib/thumb/v7e-m+fp/hard\libc_nano.a(libc_a-findfp.o) (__sread)
C:/ST/STM32CubeIDE_1.16.0/STM32CubeIDE/plugins/com.st.stm32cube.ide.mcu.externaltools.gnu-tools-for-stm32.12.3.rel1.win32_1.0.200.202406191623/tools/bin/../lib/gcc/arm-none-eabi/12.3.1/../../../../arm-none-eabi/lib/thumb/v7e-m+fp/hard\libc_nano.a(libc_a-memset.o)
                              C:/ST/STM32CubeIDE_1.16.0/STM32CubeIDE/plugins/com.st.stm32cube.ide.mcu.externaltools.gnu-tools-for-stm32.12.3.rel1.win32_1.0.200.202406191623/tools/bin/../lib/gcc/arm-none-eabi/12.3.1/../../../../arm-none-eabi/lib/thumb/v7e-m+fp/hard/crt0.o (memset)
C:/ST/STM32CubeIDE_1.16.0/STM32CubeIDE/plugins/com.st.stm32cube.ide.mcu.externaltools.gnu-tools-for-stm32.12.3.rel1.win32_1.0.200.202406191623/tools/bin/../lib/gcc/arm-none-eabi/12.3.1/../../../../arm-none-eabi/lib/thumb/v7e-m+fp/hard\libc_nano.a(libc_a-closer.o)
                              C:/ST/STM32CubeIDE_1.16.0/STM32CubeIDE/plugins/com.st.stm32cube.ide.mcu.externaltools.gnu-tools-for-stm32.12.3.rel1.win32_1.0.200.202406191623/tools/bin/../lib/gcc/arm-none-eabi/12.3.1/../../../../arm-none-eabi/lib/thumb/v7e-m+fp/hard\libc_nano.a(libc_a-stdio.o) (_close_r)
C:/ST/STM32CubeIDE_1.16.0/STM32CubeIDE/plugins/com.st.stm32cube.ide.mcu.externaltools.gnu-tools-for-stm32.12.3.rel1.win32_1.0.200.202406191623/tools/bin/../lib/gcc/arm-none-eabi/12.3.1/../../../../arm-none-eabi/lib/thumb/v7e-m+fp/hard\libc_nano.a(libc_a-reent.o)
                              C:/ST/STM32CubeIDE_1.16.0/STM32CubeIDE/plugins/com.st.stm32cube.ide.mcu.externaltools.gnu-tools-for-stm32.12.3.rel1.win32_1.0.200.202406191623/tools/bin/../lib/gcc/arm-none-eabi/12.3.1/../../../../arm-none-eabi/lib/thumb/v7e-m+fp/hard\libc_nano.a(libc_a-closer.o) (errno)
C:/ST/STM32CubeIDE_1.16.0/STM32CubeIDE/plugins/com.st.stm32cube.ide.mcu.externaltools.gnu-tools-for-stm32.12.3.rel1.win32_1.0.200.202406191623/tools/bin/../lib/gcc/arm-none-eabi/12.3.1/../../../../arm-none-eabi/lib/thumb/v7e-m+fp/hard\libc_nano.a(libc_a-impure.o)
                              C:/ST/STM32CubeIDE_1.16.0/STM32CubeIDE/plugins/com.st.stm32cube.ide.mcu.externaltools.gnu-tools-for-stm32.12.3.rel1.win32_1.0.200.202406191623/tools/bin/../lib/gcc/arm-none-eabi/12.3.1/../../../../arm-none-eabi/lib/thumb/v7e-m+fp/hard\libc_nano.a(libc_a-reent.o) (_impure_ptr)
C:/ST/STM32CubeIDE_1.16.0/STM32CubeIDE/plugins/com.st.stm32cube.ide.mcu.externaltools.gnu-tools-for-stm32.12.3.rel1.win32_1.0.200.202406191623/tools/bin/../lib/gcc/arm-none-eabi/12.3.1/../../../../arm-none-eabi/lib/thumb/v7e-m+fp/hard\libc_nano.a(libc_a-lseekr.o)
[...]
Memory Configuration

Name             Origin             Length             Attributes
CCMRAM           0x10000000         0x00004000         xrw
RAM              0x20000000         0x00010000         xrw
FLASH            0x08000000         0x00080000         xr
*default*        0x00000000         0xffffffff

Linker script and memory map

LOAD C:/ST/STM32CubeIDE_1.16.0/STM32CubeIDE/plugins/com.st.stm32cube.ide.mcu.externaltools.gnu-tools-for-stm32.12.3.rel1.win32_1.0.200.202406191623/tools/bin/../lib/gcc/arm-none-eabi/12.3.1/thumb/v7e-m+fp/hard/crti.o
LOAD C:/ST/STM32CubeIDE_1.16.0/STM32CubeIDE/plugins/com.st.stm32cube.ide.mcu.externaltools.gnu-tools-for-stm32.12.3.rel1.win32_1.0.200.202406191623/tools/bin/../lib/gcc/arm-none-eabi/12.3.1/thumb/v7e-m+fp/hard/crtbegin.o
LOAD C:/ST/STM32CubeIDE_1.16.0/STM32CubeIDE/plugins/com.st.stm32cube.ide.mcu.externaltools.gnu-tools-for-stm32.12.3.rel1.win32_1.0.200.202406191623/tools/bin/../lib/gcc/arm-none-eabi/12.3.1/../../../../arm-none-eabi/lib/thumb/v7e-m+fp/hard/crt0.o
LOAD ./Core/Src/BME280_STM32.o
LOAD ./Core/Src/main.o
LOAD ./Core/Src/stm32f3xx_hal_msp.o
LOAD ./Core/Src/stm32f3xx_it.o
LOAD ./Core/Src/syscalls.o
LOAD ./Core/Src/sysmem.o
LOAD ./Core/Src/system_stm32f3xx.o
LOAD ./Core/Startup/startup_stm32f303retx.o
LOAD ./Drivers/STM32F3xx_HAL_Driver/Src/stm32f3xx_hal.o
LOAD ./Drivers/STM32F3xx_HAL_Driver/Src/stm32f3xx_hal_cortex.o
LOAD ./Drivers/STM32F3xx_HAL_Driver/Src/stm32f3xx_hal_dma.o
LOAD ./Drivers/STM32F3xx_HAL_Driver/Src/stm32f3xx_hal_exti.o
LOAD ./Drivers/STM32F3xx_HAL_Driver/Src/stm32f3xx_hal_flash.o
LOAD ./Drivers/STM32F3xx_HAL_Driver/Src/stm32f3xx_hal_flash_ex.o
LOAD ./Drivers/STM32F3xx_HAL_Driver/Src/stm32f3xx_hal_gpio.o
LOAD ./Drivers/STM32F3xx_HAL_Driver/Src/stm32f3xx_hal_i2c.o
LOAD ./Drivers/STM32F3xx_HAL_Driver/Src/stm32f3xx_hal_i2c_ex.o
LOAD ./Drivers/STM32F3xx_HAL_Driver/Src/stm32f3xx_hal_pwr.o
LOAD ./Drivers/STM32F3xx_HAL_Driver/Src/stm32f3xx_hal_pwr_ex.o
LOAD ./Drivers/STM32F3xx_HAL_Driver/Src/stm32f3xx_hal_rcc.o
LOAD ./Drivers/STM32F3xx_HAL_Driver/Src/stm32f3xx_hal_rcc_ex.o
LOAD ./Drivers/STM32F3xx_HAL_Driver/Src/stm32f3xx_hal_tim.o
LOAD ./Drivers/STM32F3xx_HAL_Driver/Src/stm32f3xx_hal_tim_ex.o
LOAD ./Drivers/STM32F3xx_HAL_Driver/Src/stm32f3xx_hal_uart.o
LOAD ./Drivers/STM32F3xx_HAL_Driver/Src/stm32f3xx_hal_uart_ex.o
START GROUP
LOAD C:/ST/STM32CubeIDE_1.16.0/STM32CubeIDE/plugins/com.st.stm32cube.ide.mcu.externaltools.gnu-tools-for-stm32.12.3.rel1.win32_1.0.200.202406191623/tools/bin/../lib/gcc/arm-none-eabi/12.3.1/../../../../arm-none-eabi/lib/thumb/v7e-m+fp/hard\libc_nano.a
LOAD C:/ST/STM32CubeIDE_1.16.0/STM32CubeIDE/plugins/com.st.stm32cube.ide.mcu.externaltools.gnu-tools-for-stm32.12.3.rel1.win32_1.0.200.202406191623/tools/bin/../lib/gcc/arm-none-eabi/12.3.1/../../../../arm-none-eabi/lib/thumb/v7e-m+fp/hard\libm.a
END GROUP
START GROUP
LOAD C:/ST/STM32CubeIDE_1.16.0/STM32CubeIDE/plugins/com.st.stm32cube.ide.mcu.externaltools.gnu-tools-for-stm32.12.3.rel1.win32_1.0.200.202406191623/tools/bin/../lib/gcc/arm-none-eabi/12.3.1/thumb/v7e-m+fp/hard\libgcc.a
LOAD C:/ST/STM32CubeIDE_1.16.0/STM32CubeIDE/plugins/com.st.stm32cube.ide.mcu.externaltools.gnu-tools-for-stm32.12.3.rel1.win32_1.0.200.202406191623/tools/bin/../lib/gcc/arm-none-eabi/12.3.1/../../../../arm-none-eabi/lib/thumb/v7e-m+fp/hard\libc_nano.a
END GROUP
START GROUP
LOAD C:/ST/STM32CubeIDE_1.16.0/STM32CubeIDE/plugins/com.st.stm32cube.ide.mcu.externaltools.gnu-tools-for-stm32.12.3.rel1.win32_1.0.200.202406191623/tools/bin/../lib/gcc/arm-none-eabi/12.3.1/thumb/v7e-m+fp/hard\libgcc.a
LOAD C:/ST/STM32CubeIDE_1.16.0/STM32CubeIDE/plugins/com.st.stm32cube.ide.mcu.externaltools.gnu-tools-for-stm32.12.3.rel1.win32_1.0.200.202406191623/tools/bin/../lib/gcc/arm-none-eabi/12.3.1/../../../../arm-none-eabi/lib/thumb/v7e-m+fp/hard\libc_nano.a
LOAD C:/ST/STM32CubeIDE_1.16.0/STM32CubeIDE/plugins/com.st.stm32cube.ide.mcu.externaltools.gnu-tools-for-stm32.12.3.rel1.win32_1.0.200.202406191623/tools/bin/../lib/gcc/arm-none-eabi/12.3.1/../../../../arm-none-eabi/lib/thumb/v7e-m+fp/hard\libnosys.a
END GROUP
START GROUP
LOAD C:/ST/STM32CubeIDE_1.16.0/STM32CubeIDE/plugins/com.st.stm32cube.ide.mcu.externaltools.gnu-tools-for-stm32.12.3.rel1.win32_1.0.200.202406191623/tools/bin/../lib/gcc/arm-none-eabi/12.3.1/thumb/v7e-m+fp/hard\libgcc.a
LOAD C:/ST/STM32CubeIDE_1.16.0/STM32CubeIDE/plugins/com.st.stm32cube.ide.mcu.externaltools.gnu-tools-for-stm32.12.3.rel1.win32_1.0.200.202406191623/tools/bin/../lib/gcc/arm-none-eabi/12.3.1/../../../../arm-none-eabi/lib/thumb/v7e-m+fp/hard\libc_nano.a
LOAD C:/ST/STM32CubeIDE_1.16.0/STM32CubeIDE/plugins/com.st.stm32cube.ide.mcu.externaltools.gnu-tools-for-stm32.12.3.rel1.win32_1.0.200.202406191623/tools/bin/../lib/gcc/arm-none-eabi/12.3.1/../../../../arm-none-eabi/lib/thumb/v7e-m+fp/hard\libnosys.a
END GROUP
LOAD C:/ST/STM32CubeIDE_1.16.0/STM32CubeIDE/plugins/com.st.stm32cube.ide.mcu.externaltools.gnu-tools-for-stm32.12.3.rel1.win32_1.0.200.202406191623/tools/bin/../lib/gcc/arm-none-eabi/12.3.1/thumb/v7e-m+fp/hard/crtend.o
LOAD C:/ST/STM32CubeIDE_1.16.0/STM32CubeIDE/plugins/com.st.stm32cube.ide.mcu.externaltools.gnu-tools-for-stm32.12.3.rel1.win32_1.0.200.202406191623/tools/bin/../lib/gcc/arm-none-eabi/12.3.1/thumb/v7e-m+fp/hard/crtn.o
                0x20010000                        _estack = (ORIGIN (RAM) + LENGTH (RAM))
                0x00000200                        _Min_Heap_Size = 0x200
                0x00000400                        _Min_Stack_Size = 0x400

.isr_vector     0x08000000      0x194
                0x08000000                        . = ALIGN (0x4)
 *(.isr_vector)
 .isr_vector    0x08000000      0x194 ./Core/Startup/startup_stm32f303retx.o
                0x08000000                g_pfnVectors
                0x08000194                        . = ALIGN (0x4)

.text           0x08000194     0x49a8
                0x08000194                        . = ALIGN (0x4)
 *(.text)
 .text          0x08000194       0x40 C:/ST/STM32CubeIDE_1.16.0/STM32CubeIDE/plugins/com.st.stm32cube.ide.mcu.externaltools.gnu-tools-for-stm32.12.3.rel1.win32_1.0.200.202406191623/tools/bin/../lib/gcc/arm-none-eabi/12.3.1/thumb/v7e-m+fp/hard/crtbegin.o
 .text          0x080001d4      0x378 C:/ST/STM32CubeIDE_1.16.0/STM32CubeIDE/plugins/com.st.stm32cube.ide.mcu.externaltools.gnu-tools-for-stm32.12.3.rel1.win32_1.0.200.202406191623/tools/bin/../lib/gcc/arm-none-eabi/12.3.1/thumb/v7e-m+fp/hard\libgcc.a(_arm_addsubdf3.o)
                0x080001d4                __aeabi_drsub
                0x080001dc                __aeabi_dsub
                0x080001dc                __subdf3
                0x080001e0                __aeabi_dadd
                0x080001e0                __adddf3
                0x08000458                __floatunsidf
                0x08000458                __aeabi_ui2d
                0x08000478                __floatsidf
                0x08000478                __aeabi_i2d
                0x0800049c                __aeabi_f2d
                0x0800049c                __extendsfdf2
                0x080004e0                __floatundidf
                0x080004e0                __aeabi_ul2d
                0x080004f0                __floatdidf
                0x080004f0                __aeabi_l2d
 .text          0x0800054c      0x424 C:/ST/STM32CubeIDE_1.16.0/STM32CubeIDE/plugins/com.st.stm32cube.ide.mcu.externaltools.gnu-tools-for-stm32.12.3.rel1.win32_1.0.200.202406191623/tools/bin/../lib/gcc/arm-none-eabi/12.3.1/thumb/v7e-m+fp/hard\libgcc.a(_arm_muldivdf3.o)
                0x0800054c                __aeabi_dmul
                0x0800054c                __muldf3
                0x080007a0                __divdf3
                0x080007a0                __aeabi_ddiv
 .text          0x08000970       0xa0 C:/ST/STM32CubeIDE_1.16.0/STM32CubeIDE/plugins/com.st.stm32cube.ide.mcu.externaltools.gnu-tools-for-stm32.12.3.rel1.win32_1.0.200.202406191623/tools/bin/../lib/gcc/arm-none-eabi/12.3.1/thumb/v7e-m+fp/hard\libgcc.a(_arm_truncdfsf2.o)
                0x08000970                __truncdfsf2
                0x08000970                __aeabi_d2f
 *(.text*)
 .text.TrimRead
                0x08000a10      0x1c4 ./Core/Src/BME280_STM32.o
                0x08000a10                TrimRead
 .text.BME280_Config
                0x08000bd4      0x1ac ./Core/Src/BME280_STM32.o
                0x08000bd4                BME280_Config
 .text.BMEReadRaw
                0x08000d80       0xa0 ./Core/Src/BME280_STM32.o
                0x08000d80                BMEReadRaw
 .text.BME280_compensate_T_int32
                0x08000e20       0x84 ./Core/Src/BME280_STM32.o
                0x08000e20                BME280_compensate_T_int32
 .text.BME280_compensate_P_int32
                0x08000ea4      0x160 ./Core/Src/BME280_STM32.o
                0x08000ea4                BME280_compensate_P_int32
 .text.bme280_compensate_H_int32
                0x08001004       0xd8 ./Core/Src/BME280_STM32.o
                0x08001004                bme280_compensate_H_int32
 .text.BME280_Measure
                0x080010dc       0xfc ./Core/Src/BME280_STM32.o
                0x080010dc                BME280_Measure
 .text.main     0x080011d8       0x3c ./Core/Src/main.o
                0x080011d8                main
 .text.SystemClock_Config
                0x08001214       0xc6 ./Core/Src/main.o
                0x08001214                SystemClock_Config
 *fill*         0x080012da        0x2 
 .text.MX_I2C1_Init
                0x080012dc       0x80 ./Core/Src/main.o
 .text.MX_USART2_UART_Init
                0x0800135c       0x60 ./Core/Src/main.o
 .text.MX_GPIO_Init
                0x080013bc       0xcc ./Core/Src/main.o
 .text.Error_Handler
                0x08001488        0xc ./Core/Src/main.o
                0x08001488                Error_Handler
 .text.HAL_MspInit
                0x08001494       0x48 ./Core/Src/stm32f3xx_hal_msp.o
                0x08001494                HAL_MspInit
 .text.HAL_I2C_MspInit
                0x080014dc       0x88 ./Core/Src/stm32f3xx_hal_msp.o
                0x080014dc                HAL_I2C_MspInit
 .text.HAL_UART_MspInit
                0x08001564       0x84 ./Core/Src/stm32f3xx_hal_msp.o
                0x08001564                HAL_UART_MspInit
 .text.NMI_Handler
                0x080015e8        0x8 ./Core/Src/stm32f3xx_it.o
                0x080015e8                NMI_Handler
 .text.HardFault_Handler
                0x080015f0        0x8 ./Core/Src/stm32f3xx_it.o
                0x080015f0                HardFault_Handler
 .text.MemManage_Handler
                0x080015f8        0x8 ./Core/Src/stm32f3xx_it.o
                0x080015f8                MemManage_Handler
 .text.BusFault_Handler
                0x08001600        0x8 ./Core/Src/stm32f3xx_it.o
                0x08001600                BusFault_Handler
 .text.UsageFault_Handler
                0x08001608        0x8 ./Core/Src/stm32f3xx_it.o
                0x08001608                UsageFault_Handler
 .text.SVC_Handler
                0x08001610        0xe ./Core/Src/stm32f3xx_it.o
                0x08001610                SVC_Handler
 .text.DebugMon_Handler
                0x0800161e        0xe ./Core/Src/stm32f3xx_it.o
                0x0800161e                DebugMon_Handler
 .text.PendSV_Handler
                0x0800162c        0xe ./Core/Src/stm32f3xx_it.o
                0x0800162c                PendSV_Handler
 .text.SysTick_Handler
                0x0800163a        0xc ./Core/Src/stm32f3xx_it.o
                0x0800163a                SysTick_Handler
 *fill*         0x08001646        0x2 
 .text.SystemInit
                0x08001648       0x24 ./Core/Src/system_stm32f3xx.o
                0x08001648                SystemInit
 .text.Reset_Handler
                0x0800166c       0x50 ./Core/Startup/startup_stm32f303retx.o
                0x0800166c                Reset_Handler
 .text.Default_Handler
                0x080016bc        0x2 ./Core/Startup/startup_stm32f303retx.o
                0x080016bc                RTC_Alarm_IRQHandler
                0x080016bc                TIM8_TRG_COM_IRQHandler
                0x080016bc                TIM8_CC_IRQHandler
                0x080016bc                SPI4_IRQHandler
                0x080016bc                TIM1_CC_IRQHandler
                0x080016bc                USB_HP_IRQHandler
                0x080016bc                PVD_IRQHandler
                0x080016bc                TAMP_STAMP_IRQHandler
                0x080016bc                EXTI3_IRQHandler
                0x080016bc                I2C3_ER_IRQHandler
                0x080016bc                USB_HP_CAN_TX_IRQHandler
                0x080016bc                EXTI0_IRQHandler
                0x080016bc                I2C2_EV_IRQHandler
                0x080016bc                FPU_IRQHandler
                0x080016bc                TIM1_UP_TIM16_IRQHandler
                0x080016bc                ADC1_2_IRQHandler
                0x080016bc                SPI1_IRQHandler
                0x080016bc                CAN_SCE_IRQHandler
                0x080016bc                TIM6_DAC_IRQHandler
                0x080016bc                TIM8_UP_IRQHandler
                0x080016bc                DMA2_Channel2_IRQHandler
                0x080016bc                DMA1_Channel4_IRQHandler
                0x080016bc                TIM20_TRG_COM_IRQHandler
                0x080016bc                USART3_IRQHandler
                0x080016bc                DMA1_Channel7_IRQHandler
                0x080016bc                UART5_IRQHandler
                0x080016bc                ADC3_IRQHandler
                0x080016bc                TIM4_IRQHandler
                0x080016bc                CAN_RX1_IRQHandler
                0x080016bc                DMA2_Channel1_IRQHandler
                0x080016bc                I2C1_EV_IRQHandler
                0x080016bc                DMA1_Channel6_IRQHandler
                0x080016bc                UART4_IRQHandler
                0x080016bc                DMA2_Channel4_IRQHandler
                0x080016bc                TIM3_IRQHandler
                0x080016bc                RCC_IRQHandler
                0x080016bc                TIM20_UP_IRQHandler
                0x080016bc                DMA1_Channel1_IRQHandler
                0x080016bc                Default_Handler
                0x080016bc                USBWakeUp_RMP_IRQHandler
                0x080016bc                EXTI15_10_IRQHandler
                0x080016bc                TIM7_IRQHandler
                0x080016bc                I2C3_EV_IRQHandler
                0x080016bc                EXTI9_5_IRQHandler
                0x080016bc                RTC_WKUP_IRQHandler
                0x080016bc                SPI2_IRQHandler
                0x080016bc                USB_LP_CAN_RX0_IRQHandler
                0x080016bc                DMA2_Channel5_IRQHandler
                0x080016bc                DMA1_Channel5_IRQHandler
                0x080016bc                USB_LP_IRQHandler
                0x080016bc                EXTI4_IRQHandler
                0x080016bc                TIM1_TRG_COM_TIM17_IRQHandler
                0x080016bc                DMA1_Channel3_IRQHandler
                0x080016bc                ADC4_IRQHandler
                0x080016bc                WWDG_IRQHandler
                0x080016bc                TIM2_IRQHandler
                0x080016bc                COMP7_IRQHandler
                0x080016bc                COMP1_2_3_IRQHandler
                0x080016bc                EXTI1_IRQHandler
                0x080016bc                USART2_IRQHandler
                0x080016bc                COMP4_5_6_IRQHandler
                0x080016bc                TIM20_BRK_IRQHandler
                0x080016bc                I2C2_ER_IRQHandler
                0x080016bc                DMA1_Channel2_IRQHandler
                0x080016bc                TIM8_BRK_IRQHandler
                0x080016bc                FLASH_IRQHandler
                0x080016bc                TIM20_CC_IRQHandler
                0x080016bc                USART1_IRQHandler
                0x080016bc                SPI3_IRQHandler
                0x080016bc                I2C1_ER_IRQHandler
                0x080016bc                FMC_IRQHandler
                0x080016bc                USBWakeUp_IRQHandler
                0x080016bc                DMA2_Channel3_IRQHandler
                0x080016bc                EXTI2_TSC_IRQHandler
                0x080016bc                TIM1_BRK_TIM15_IRQHandler
 *fill*         0x080016be        0x2 
 .text.HAL_Init
                0x080016c0       0x2c ./Drivers/STM32F3xx_HAL_Driver/Src/stm32f3xx_hal.o
                0x080016c0                HAL_Init
 .text.HAL_InitTick
                0x080016ec       0x60 ./Drivers/STM32F3xx_HAL_Driver/Src/stm32f3xx_hal.o
                0x080016ec                HAL_InitTick
 .text.HAL_IncTick
                0x0800174c       0x28 ./Drivers/STM32F3xx_HAL_Driver/Src/stm32f3xx_hal.o
                0x0800174c                HAL_IncTick
 .text.HAL_GetTick
                0x08001774       0x18 ./Drivers/STM32F3xx_HAL_Driver/Src/stm32f3xx_hal.o
                0x08001774                HAL_GetTick
 .text.HAL_Delay
                0x0800178c       0x48 ./Drivers/STM32F3xx_HAL_Driver/Src/stm32f3xx_hal.o
                0x0800178c                HAL_Delay
 .text.__NVIC_SetPriorityGrouping
                0x080017d4       0x48 ./Drivers/STM32F3xx_HAL_Driver/Src/stm32f3xx_hal_cortex.o
 .text.__NVIC_GetPriorityGrouping
                0x0800181c       0x1c ./Drivers/STM32F3xx_HAL_Driver/Src/stm32f3xx_hal_cortex.o
 .text.__NVIC_SetPriority
                0x08001838       0x54 ./Drivers/STM32F3xx_HAL_Driver/Src/stm32f3xx_hal_cortex.o
 .text.NVIC_EncodePriority
                0x0800188c       0x66 ./Drivers/STM32F3xx_HAL_Driver/Src/stm32f3xx_hal_cortex.o
 *fill*         0x080018f2        0x2 
 .text.SysTick_Config
                0x080018f4       0x44 ./Drivers/STM32F3xx_HAL_Driver/Src/stm32f3xx_hal_cortex.o
 .text.HAL_NVIC_SetPriorityGrouping
                0x08001938       0x16 ./Drivers/STM32F3xx_HAL_Driver/Src/stm32f3xx_hal_cortex.o
                0x08001938                HAL_NVIC_SetPriorityGrouping
 .text.HAL_NVIC_SetPriority
                0x0800194e       0x38 ./Drivers/STM32F3xx_HAL_Driver/Src/stm32f3xx_hal_cortex.o
                0x0800194e                HAL_NVIC_SetPriority
 .text.HAL_SYSTICK_Config
                0x08001986       0x18 ./Drivers/STM32F3xx_HAL_Driver/Src/stm32f3xx_hal_cortex.o
                0x08001986                HAL_SYSTICK_Config
 *fill*         0x0800199e        0x2 
 .text.HAL_GPIO_Init
                0x080019a0      0x314 ./Drivers/STM32F3xx_HAL_Driver/Src/stm32f3xx_hal_gpio.o
                0x080019a0                HAL_GPIO_Init
 .text.HAL_GPIO_WritePin
                0x08001cb4       0x30 ./Drivers/STM32F3xx_HAL_Driver/Src/stm32f3xx_hal_gpio.o
                0x08001cb4                HAL_GPIO_WritePin
 .text.HAL_I2C_Init
                0x08001ce4      0x136 ./Drivers/STM32F3xx_HAL_Driver/Src/stm32f3xx_hal_i2c.o
                0x08001ce4                HAL_I2C_Init
 *fill*         0x08001e1a        0x2 
 .text.HAL_I2C_Mem_Write
                0x08001e1c      0x228 ./Drivers/STM32F3xx_HAL_Driver/Src/stm32f3xx_hal_i2c.o
                0x08001e1c                HAL_I2C_Mem_Write
 .text.HAL_I2C_Mem_Read
                0x08002044      0x234 ./Drivers/STM32F3xx_HAL_Driver/Src/stm32f3xx_hal_i2c.o
                0x08002044                HAL_I2C_Mem_Read
 .text.I2C_RequestMemoryWrite
                0x08002278       0xa8 ./Drivers/STM32F3xx_HAL_Driver/Src/stm32f3xx_hal_i2c.o
 .text.I2C_RequestMemoryRead
                0x08002320       0xa8 ./Drivers/STM32F3xx_HAL_Driver/Src/stm32f3xx_hal_i2c.o
 .text.I2C_Flush_TXDR
                0x080023c8       0x48 ./Drivers/STM32F3xx_HAL_Driver/Src/stm32f3xx_hal_i2c.o
 .text.I2C_WaitOnFlagUntilTimeout
                0x08002410       0xb2 ./Drivers/STM32F3xx_HAL_Driver/Src/stm32f3xx_hal_i2c.o
 .text.I2C_WaitOnTXISFlagUntilTimeout
                0x080024c2       0x8e ./Drivers/STM32F3xx_HAL_Driver/Src/stm32f3xx_hal_i2c.o
 .text.I2C_WaitOnSTOPFlagUntilTimeout
                0x08002550       0x86 ./Drivers/STM32F3xx_HAL_Driver/Src/stm32f3xx_hal_i2c.o
 *fill*         0x080025d6        0x2 
 .text.I2C_IsErrorOccurred
                0x080025d8      0x1c0 ./Drivers/STM32F3xx_HAL_Driver/Src/stm32f3xx_hal_i2c.o
 .text.I2C_TransferConfig
                0x08002798       0x64 ./Drivers/STM32F3xx_HAL_Driver/Src/stm32f3xx_hal_i2c.o
 .text.HAL_I2CEx_ConfigAnalogFilter
                0x080027fc       0x96 ./Drivers/STM32F3xx_HAL_Driver/Src/stm32f3xx_hal_i2c_ex.o
                0x080027fc                HAL_I2CEx_ConfigAnalogFilter
 .text.HAL_I2CEx_ConfigDigitalFilter
                0x08002892       0x98 ./Drivers/STM32F3xx_HAL_Driver/Src/stm32f3xx_hal_i2c_ex.o
                0x08002892                HAL_I2CEx_ConfigDigitalFilter
 *fill*         0x0800292a        0x2 
 .text.HAL_RCC_OscConfig
                0x0800292c     0x10a8 ./Drivers/STM32F3xx_HAL_Driver/Src/stm32f3xx_hal_rcc.o
                0x0800292c                HAL_RCC_OscConfig
 .text.HAL_RCC_ClockConfig
                0x080039d4      0x2f8 ./Drivers/STM32F3xx_HAL_Driver/Src/stm32f3xx_hal_rcc.o
                0x080039d4                HAL_RCC_ClockConfig
 .text.HAL_RCC_GetSysClockFreq
                0x08003ccc       0xa8 ./Drivers/STM32F3xx_HAL_Driver/Src/stm32f3xx_hal_rcc.o
                0x08003ccc                HAL_RCC_GetSysClockFreq
 .text.HAL_RCC_GetHCLKFreq
                0x08003d74       0x18 ./Drivers/STM32F3xx_HAL_Driver/Src/stm32f3xx_hal_rcc.o
                0x08003d74                HAL_RCC_GetHCLKFreq
 .text.HAL_RCC_GetPCLK1Freq
                0x08003d8c       0x44 ./Drivers/STM32F3xx_HAL_Driver/Src/stm32f3xx_hal_rcc.o
                0x08003d8c                HAL_RCC_GetPCLK1Freq
 .text.HAL_RCC_GetPCLK2Freq
                0x08003dd0       0x44 ./Drivers/STM32F3xx_HAL_Driver/Src/stm32f3xx_hal_rcc.o
                0x08003dd0                HAL_RCC_GetPCLK2Freq
 .text.HAL_RCCEx_PeriphCLKConfig
                0x08003e14      0x43c ./Drivers/STM32F3xx_HAL_Driver/Src/stm32f3xx_hal_rcc_ex.o
                0x08003e14                HAL_RCCEx_PeriphCLKConfig
 .text.HAL_UART_Init
                0x08004250       0x9c ./Drivers/STM32F3xx_HAL_Driver/Src/stm32f3xx_hal_uart.o
                0x08004250                HAL_UART_Init
 .text.UART_SetConfig
                0x080042ec      0x3a8 ./Drivers/STM32F3xx_HAL_Driver/Src/stm32f3xx_hal_uart.o
                0x080042ec                UART_SetConfig
 .text.UART_AdvFeatureConfig
                0x08004694      0x144 ./Drivers/STM32F3xx_HAL_Driver/Src/stm32f3xx_hal_uart.o
                0x08004694                UART_AdvFeatureConfig
 .text.UART_CheckIdleState
                0x080047d8      0x150 ./Drivers/STM32F3xx_HAL_Driver/Src/stm32f3xx_hal_uart.o
                0x080047d8                UART_CheckIdleState
 .text.UART_WaitOnFlagUntilTimeout
                0x08004928       0xda ./Drivers/STM32F3xx_HAL_Driver/Src/stm32f3xx_hal_uart.o
                0x08004928                UART_WaitOnFlagUntilTimeout
 .text.UART_EndRxTransfer
                0x08004a02       0xc8 ./Drivers/STM32F3xx_HAL_Driver/Src/stm32f3xx_hal_uart.o
 .text.memset   0x08004aca       0x10 C:/ST/STM32CubeIDE_1.16.0/STM32CubeIDE/plugins/com.st.stm32cube.ide.mcu.externaltools.gnu-tools-for-stm32.12.3.rel1.win32_1.0.200.202406191623/tools/bin/../lib/gcc/arm-none-eabi/12.3.1/../../../../arm-none-eabi/lib/thumb/v7e-m+fp/hard\libc_nano.a(libc_a-memset.o)
                0x08004aca                memset
 *fill*         0x08004ada        0x2 
 .text.__libc_init_array
                0x08004adc       0x48 C:/ST/STM32CubeIDE_1.16.0/STM32CubeIDE/plugins/com.st.stm32cube.ide.mcu.externaltools.gnu-tools-for-stm32.12.3.rel1.win32_1.0.200.202406191623/tools/bin/../lib/gcc/arm-none-eabi/12.3.1/../../../../arm-none-eabi/lib/thumb/v7e-m+fp/hard\libc_nano.a(libc_a-init.o)
                0x08004adc                __libc_init_array
 *(.glue_7)
 .glue_7        0x08004b24        0x0 linker stubs
 *(.glue_7t)
 .glue_7t       0x08004b24        0x0 linker stubs
 *(.eh_frame)
 .eh_frame      0x08004b24        0x0 C:/ST/STM32CubeIDE_1.16.0/STM32CubeIDE/plugins/com.st.stm32cube.ide.mcu.externaltools.gnu-tools-for-stm32.12.3.rel1.win32_1.0.200.202406191623/tools/bin/../lib/gcc/arm-none-eabi/12.3.1/thumb/v7e-m+fp/hard/crtbegin.o
 *(.init)
 .init          0x08004b24        0x4 C:/ST/STM32CubeIDE_1.16.0/STM32CubeIDE/plugins/com.st.stm32cube.ide.mcu.externaltools.gnu-tools-for-stm32.12.3.rel1.win32_1.0.200.202406191623/tools/bin/../lib/gcc/arm-none-eabi/12.3.1/thumb/v7e-m+fp/hard/crti.o
                0x08004b24                _init
 .init          0x08004b28        0x8 C:/ST/STM32CubeIDE_1.16.0/STM32CubeIDE/plugins/com.st.stm32cube.ide.mcu.externaltools.gnu-tools-for-stm32.12.3.rel1.win32_1.0.200.202406191623/tools/bin/../lib/gcc/arm-none-eabi/12.3.1/thumb/v7e-m+fp/hard/crtn.o
 *(.fini)
 .fini          0x08004b30        0x4 C:/ST/STM32CubeIDE_1.16.0/STM32CubeIDE/plugins/com.st.stm32cube.ide.mcu.externaltools.gnu-tools-for-stm32.12.3.rel1.win32_1.0.200.202406191623/tools/bin/../lib/gcc/arm-none-eabi/12.3.1/thumb/v7e-m+fp/hard/crti.o
                0x08004b30                _fini
 .fini          0x08004b34        0x8 C:/ST/STM32CubeIDE_1.16.0/STM32CubeIDE/plugins/com.st.stm32cube.ide.mcu.externaltools.gnu-tools-for-stm32.12.3.rel1.win32_1.0.200.202406191623/tools/bin/../lib/gcc/arm-none-eabi/12.3.1/thumb/v7e-m+fp/hard/crtn.o
                0x08004b3c                        . = ALIGN (0x4)
                0x08004b3c                        _etext = .

.vfp11_veneer   0x08004b3c        0x0
 .vfp11_veneer  0x08004b3c        0x0 linker stubs

.v4_bx          0x08004b3c        0x0
 .v4_bx         0x08004b3c        0x0 linker stubs

.iplt           0x08004b3c        0x0
 .iplt          0x08004b3c        0x0 C:/ST/STM32CubeIDE_1.16.0/STM32CubeIDE/plugins/com.st.stm32cube.ide.mcu.externaltools.gnu-tools-for-stm32.12.3.rel1.win32_1.0.200.202406191623/tools/bin/../lib/gcc/arm-none-eabi/12.3.1/thumb/v7e-m+fp/hard/crtbegin.o

.rodata         0x08004b3c       0x38
                0x08004b3c                        . = ALIGN (0x4)
 *(.rodata)
 *(.rodata*)
 .rodata.AHBPrescTable
                0x08004b3c       0x10 ./Core/Src/system_stm32f3xx.o
                0x08004b3c                AHBPrescTable
 .rodata.APBPrescTable
                0x08004b4c        0x8 ./Core/Src/system_stm32f3xx.o
                0x08004b4c                APBPrescTable
 .rodata.aPLLMULFactorTable
                0x08004b54       0x10 ./Drivers/STM32F3xx_HAL_Driver/Src/stm32f3xx_hal_rcc.o
 .rodata.aPredivFactorTable
                0x08004b64       0x10 ./Drivers/STM32F3xx_HAL_Driver/Src/stm32f3xx_hal_rcc.o
                0x08004b74                        . = ALIGN (0x4)

.ARM.extab      0x08004b74        0x0
                0x08004b74                        . = ALIGN (0x4)
 *(.ARM.extab* .gnu.linkonce.armextab.*)
                0x08004b74                        . = ALIGN (0x4)

.ARM            0x08004b74        0x0
                0x08004b74                        . = ALIGN (0x4)
                0x08004b74                        __exidx_start = .
 *(.ARM.exidx*)
                0x08004b74                        __exidx_end = .
                0x08004b74                        . = ALIGN (0x4)

.preinit_array  0x08004b74        0x0
                0x08004b74                        . = ALIGN (0x4)
                0x08004b74                        PROVIDE (__preinit_array_start = .)
 *(.preinit_array*)
                0x08004b74                        PROVIDE (__preinit_array_end = .)
                0x08004b74                        . = ALIGN (0x4)

.init_array     0x08004b74        0x4
                0x08004b74                        . = ALIGN (0x4)
                0x08004b74                        PROVIDE (__init_array_start = .)
 *(SORT_BY_NAME(.init_array.*))
 *(.init_array*)
 .init_array    0x08004b74        0x4 C:/ST/STM32CubeIDE_1.16.0/STM32CubeIDE/plugins/com.st.stm32cube.ide.mcu.externaltools.gnu-tools-for-stm32.12.3.rel1.win32_1.0.200.202406191623/tools/bin/../lib/gcc/arm-none-eabi/12.3.1/thumb/v7e-m+fp/hard/crtbegin.o
                0x08004b78                        PROVIDE (__init_array_end = .)
                0x08004b78                        . = ALIGN (0x4)

.fini_array     0x08004b78        0x4
                0x08004b78                        . = ALIGN (0x4)
                [!provide]                        PROVIDE (__fini_array_start = .)
 *(SORT_BY_NAME(.fini_array.*))
 *(.fini_array*)
 .fini_array    0x08004b78        0x4 C:/ST/STM32CubeIDE_1.16.0/STM32CubeIDE/plugins/com.st.stm32cube.ide.mcu.externaltools.gnu-tools-for-stm32.12.3.rel1.win32_1.0.200.202406191623/tools/bin/../lib/gcc/arm-none-eabi/12.3.1/thumb/v7e-m+fp/hard/crtbegin.o
                [!provide]                        PROVIDE (__fini_array_end = .)
                0x08004b7c                        . = ALIGN (0x4)
                0x08004b7c                        _sidata = LOADADDR (.data)

.rel.dyn        0x08004b7c        0x0
 .rel.iplt      0x08004b7c        0x0 C:/ST/STM32CubeIDE_1.16.0/STM32CubeIDE/plugins/com.st.stm32cube.ide.mcu.externaltools.gnu-tools-for-stm32.12.3.rel1.win32_1.0.200.202406191623/tools/bin/../lib/gcc/arm-none-eabi/12.3.1/thumb/v7e-m+fp/hard/crtbegin.o

.data           0x20000000        0xc load address 0x08004b7c
                0x20000000                        . = ALIGN (0x4)
                0x20000000                        _sdata = .
 *(.data)
 *(.data*)
 .data.SystemCoreClock
                0x20000000        0x4 ./Core/Src/system_stm32f3xx.o
                0x20000000                SystemCoreClock
 .data.uwTickPrio
                0x20000004        0x4 ./Drivers/STM32F3xx_HAL_Driver/Src/stm32f3xx_hal.o
                0x20000004                uwTickPrio
 .data.uwTickFreq
                0x20000008        0x1 ./Drivers/STM32F3xx_HAL_Driver/Src/stm32f3xx_hal.o
                0x20000008                uwTickFreq
 *(.RamFunc)
 *(.RamFunc*)
                0x2000000c                        . = ALIGN (0x4)
 *fill*         0x20000009        0x3 
                0x2000000c                        _edata = .
                0x08004b88                        _siccmram = LOADADDR (.ccmram)

.igot.plt       0x2000000c        0x0 load address 0x08004b88
 .igot.plt      0x2000000c        0x0 C:/ST/STM32CubeIDE_1.16.0/STM32CubeIDE/plugins/com.st.stm32cube.ide.mcu.externaltools.gnu-tools-for-stm32.12.3.rel1.win32_1.0.200.202406191623/tools/bin/../lib/gcc/arm-none-eabi/12.3.1/thumb/v7e-m+fp/hard/crtbegin.o

.ccmram         0x10000000        0x0 load address 0x08004b88
                0x10000000                        . = ALIGN (0x4)
                0x10000000                        _sccmram = .
 *(.ccmram)
 *(.ccmram*)
                0x10000000                        . = ALIGN (0x4)
                0x10000000                        _eccmram = .
                0x10000000                        . = ALIGN (0x4)

.bss            0x2000000c      0x140
                0x2000000c                        _sbss = .
                0x2000000c                        __bss_start__ = _sbss
 *(.bss)
 .bss           0x2000000c       0x1c C:/ST/STM32CubeIDE_1.16.0/STM32CubeIDE/plugins/com.st.stm32cube.ide.mcu.externaltools.gnu-tools-for-stm32.12.3.rel1.win32_1.0.200.202406191623/tools/bin/../lib/gcc/arm-none-eabi/12.3.1/thumb/v7e-m+fp/hard/crtbegin.o
 *(.bss*)
 .bss.chipID    0x20000028        0x1 ./Core/Src/BME280_STM32.o
                0x20000028                chipID
 *fill*         0x20000029        0x3 
 .bss.tRaw      0x2000002c        0x4 ./Core/Src/BME280_STM32.o
                0x2000002c                tRaw
 .bss.pRaw      0x20000030        0x4 ./Core/Src/BME280_STM32.o
                0x20000030                pRaw
 .bss.hRaw      0x20000034        0x4 ./Core/Src/BME280_STM32.o
                0x20000034                hRaw
 .bss.dig_T1    0x20000038        0x2 ./Core/Src/BME280_STM32.o
                0x20000038                dig_T1
 .bss.dig_P1    0x2000003a        0x2 ./Core/Src/BME280_STM32.o
                0x2000003a                dig_P1
 .bss.dig_H1    0x2000003c        0x2 ./Core/Src/BME280_STM32.o
                0x2000003c                dig_H1
 .bss.dig_H3    0x2000003e        0x2 ./Core/Src/BME280_STM32.o
                0x2000003e                dig_H3
 .bss.dig_T2    0x20000040        0x2 ./Core/Src/BME280_STM32.o
                0x20000040                dig_T2
 .bss.dig_T3    0x20000042        0x2 ./Core/Src/BME280_STM32.o
                0x20000042                dig_T3
 .bss.dig_P2    0x20000044        0x2 ./Core/Src/BME280_STM32.o
                0x20000044                dig_P2
 .bss.dig_P3    0x20000046        0x2 ./Core/Src/BME280_STM32.o
                0x20000046                dig_P3
 .bss.dig_P4    0x20000048        0x2 ./Core/Src/BME280_STM32.o
                0x20000048                dig_P4
 .bss.dig_P5    0x2000004a        0x2 ./Core/Src/BME280_STM32.o
                0x2000004a                dig_P5
 .bss.dig_P6    0x2000004c        0x2 ./Core/Src/BME280_STM32.o
                0x2000004c                dig_P6
 .bss.dig_P7    0x2000004e        0x2 ./Core/Src/BME280_STM32.o
                0x2000004e                dig_P7
 .bss.dig_P8    0x20000050        0x2 ./Core/Src/BME280_STM32.o
                0x20000050                dig_P8
 .bss.dig_P9    0x20000052        0x2 ./Core/Src/BME280_STM32.o
                0x20000052                dig_P9
 .bss.dig_H2    0x20000054        0x2 ./Core/Src/BME280_STM32.o
                0x20000054                dig_H2
 .bss.dig_H4    0x20000056        0x2 ./Core/Src/BME280_STM32.o
                0x20000056                dig_H4
 .bss.dig_H5    0x20000058        0x2 ./Core/Src/BME280_STM32.o
                0x20000058                dig_H5
 .bss.dig_H6    0x2000005a        0x2 ./Core/Src/BME280_STM32.o
                0x2000005a                dig_H6
 .bss.t_fine    0x2000005c        0x4 ./Core/Src/BME280_STM32.o
                0x2000005c                t_fine
 .bss.hi2c1     0x20000060       0x54 ./Core/Src/main.o
                0x20000060                hi2c1
 .bss.huart2    0x200000b4       0x88 ./Core/Src/main.o
                0x200000b4                huart2
 .bss.Temperature
                0x2000013c        0x4 ./Core/Src/main.o
                0x2000013c                Temperature
 .bss.Pressure  0x20000140        0x4 ./Core/Src/main.o
                0x20000140                Pressure
 .bss.Humidity  0x20000144        0x4 ./Core/Src/main.o
                0x20000144                Humidity
 .bss.uwTick    0x20000148        0x4 ./Drivers/STM32F3xx_HAL_Driver/Src/stm32f3xx_hal.o
                0x20000148                uwTick
 *(COMMON)
                0x2000014c                        . = ALIGN (0x4)
                0x2000014c                        _ebss = .
                0x2000014c                        __bss_end__ = _ebss

._user_heap_stack
                0x2000014c      0x604
                0x20000150                        . = ALIGN (0x8)
 *fill*         0x2000014c        0x4 
                [!provide]                        PROVIDE (end = .)
                0x20000150                        PROVIDE (_end = .)
                0x20000350                        . = (. + _Min_Heap_Size)
 *fill*         0x20000150      0x200 
                0x20000750                        . = (. + _Min_Stack_Size)
 *fill*         0x20000350      0x400 
                0x20000750                        . = ALIGN (0x8)

/DISCARD/
 libc.a(*)
 libm.a(*)
 libgcc.a(*)

.ARM.attributes
                0x00000000       0x30
 *(.ARM.attributes)
 .ARM.attributes
                0x00000000       0x22 C:/ST/STM32CubeIDE_1.16.0/STM32CubeIDE/plugins/com.st.stm32cube.ide.mcu.externaltools.gnu-tools-for-stm32.12.3.rel1.win32_1.0.200.202406191623/tools/bin/../lib/gcc/arm-none-eabi/12.3.1/thumb/v7e-m+fp/hard/crti.o
 .ARM.attributes
                0x00000022       0x34 C:/ST/STM32CubeIDE_1.16.0/STM32CubeIDE/plugins/com.st.stm32cube.ide.mcu.externaltools.gnu-tools-for-stm32.12.3.rel1.win32_1.0.200.202406191623/tools/bin/../lib/gcc/arm-none-eabi/12.3.1/thumb/v7e-m+fp/hard/crtbegin.o
 .ARM.attributes
                0x00000056       0x34 ./Core/Src/BME280_STM32.o
 .ARM.attributes
                0x0000008a       0x34 ./Core/Src/main.o
 .ARM.attributes
                0x000000be       0x34 ./Core/Src/stm32f3xx_hal_msp.o
 .ARM.attributes
                0x000000f2       0x34 ./Core/Src/stm32f3xx_it.o
 .ARM.attributes
                0x00000126       0x34 ./Core/Src/system_stm32f3xx.o
 .ARM.attributes
                0x0000015a       0x21 ./Core/Startup/startup_stm32f303retx.o
 .ARM.attributes
                0x0000017b       0x34 ./Drivers/STM32F3xx_HAL_Driver/Src/stm32f3xx_hal.o
 .ARM.attributes
                0x000001af       0x34 ./Drivers/STM32F3xx_HAL_Driver/Src/stm32f3xx_hal_cortex.o
 .ARM.attributes
                0x000001e3       0x34 ./Drivers/STM32F3xx_HAL_Driver/Src/stm32f3xx_hal_gpio.o
 .ARM.attributes
                0x00000217       0x34 ./Drivers/STM32F3xx_HAL_Driver/Src/stm32f3xx_hal_i2c.o
 .ARM.attributes
                0x0000024b       0x34 ./Drivers/STM32F3xx_HAL_Driver/Src/stm32f3xx_hal_i2c_ex.o
 .ARM.attributes
                0x0000027f       0x34 ./Drivers/STM32F3xx_HAL_Driver/Src/stm32f3xx_hal_rcc.o
 .ARM.attributes
                0x000002b3       0x34 ./Drivers/STM32F3xx_HAL_Driver/Src/stm32f3xx_hal_rcc_ex.o
 .ARM.attributes
                0x000002e7       0x34 ./Drivers/STM32F3xx_HAL_Driver/Src/stm32f3xx_hal_uart.o
 .ARM.attributes
                0x0000031b       0x34 C:/ST/STM32CubeIDE_1.16.0/STM32CubeIDE/plugins/com.st.stm32cube.ide.mcu.externaltools.gnu-tools-for-stm32.12.3.rel1.win32_1.0.200.202406191623/tools/bin/../lib/gcc/arm-none-eabi/12.3.1/../../../../arm-none-eabi/lib/thumb/v7e-m+fp/hard\libc_nano.a(libc_a-memset.o)
 .ARM.attributes
                0x0000034f       0x34 C:/ST/STM32CubeIDE_1.16.0/STM32CubeIDE/plugins/com.st.stm32cube.ide.mcu.externaltools.gnu-tools-for-stm32.12.3.rel1.win32_1.0.200.202406191623/tools/bin/../lib/gcc/arm-none-eabi/12.3.1/../../../../arm-none-eabi/lib/thumb/v7e-m+fp/hard\libc_nano.a(libc_a-init.o)
 .ARM.attributes
                0x00000383       0x22 C:/ST/STM32CubeIDE_1.16.0/STM32CubeIDE/plugins/com.st.stm32cube.ide.mcu.externaltools.gnu-tools-for-stm32.12.3.rel1.win32_1.0.200.202406191623/tools/bin/../lib/gcc/arm-none-eabi/12.3.1/thumb/v7e-m+fp/hard\libgcc.a(_arm_addsubdf3.o)
 .ARM.attributes
                0x000003a5       0x22 C:/ST/STM32CubeIDE_1.16.0/STM32CubeIDE/plugins/com.st.stm32cube.ide.mcu.externaltools.gnu-tools-for-stm32.12.3.rel1.win32_1.0.200.202406191623/tools/bin/../lib/gcc/arm-none-eabi/12.3.1/thumb/v7e-m+fp/hard\libgcc.a(_arm_muldivdf3.o)
 .ARM.attributes
                0x000003c7       0x22 C:/ST/STM32CubeIDE_1.16.0/STM32CubeIDE/plugins/com.st.stm32cube.ide.mcu.externaltools.gnu-tools-for-stm32.12.3.rel1.win32_1.0.200.202406191623/tools/bin/../lib/gcc/arm-none-eabi/12.3.1/thumb/v7e-m+fp/hard\libgcc.a(_arm_truncdfsf2.o)
 .ARM.attributes
                0x000003e9       0x22 C:/ST/STM32CubeIDE_1.16.0/STM32CubeIDE/plugins/com.st.stm32cube.ide.mcu.externaltools.gnu-tools-for-stm32.12.3.rel1.win32_1.0.200.202406191623/tools/bin/../lib/gcc/arm-none-eabi/12.3.1/thumb/v7e-m+fp/hard/crtn.o
OUTPUT(BME280.elf elf32-littlearm)
LOAD linker stubs
LOAD C:/ST/STM32CubeIDE_1.16.0/STM32CubeIDE/plugins/com.st.stm32cube.ide.mcu.externaltools.gnu-tools-for-stm32.12.3.rel1.win32_1.0.200.202406191623/tools/bin/../lib/gcc/arm-none-eabi/12.3.1/../../../../arm-none-eabi/lib/thumb/v7e-m+fp/hard\libc.a
LOAD C:/ST/STM32CubeIDE_1.16.0/STM32CubeIDE/plugins/com.st.stm32cube.ide.mcu.externaltools.gnu-tools-for-stm32.12.3.rel1.win32_1.0.200.202406191623/tools/bin/../lib/gcc/arm-none-eabi/12.3.1/../../../../arm-none-eabi/lib/thumb/v7e-m+fp/hard\libm.a
LOAD C:/ST/STM32CubeIDE_1.16.0/STM32CubeIDE/plugins/com.st.stm32cube.ide.mcu.externaltools.gnu-tools-for-stm32.12.3.rel1.win32_1.0.200.202406191623/tools/bin/../lib/gcc/arm-none-eabi/12.3.1/thumb/v7e-m+fp/hard\libgcc.a

.debug_info     0x00000000     0xc662
 .debug_info    0x00000000      0xa54 ./Core/Src/BME280_STM32.o
 .debug_info    0x00000a54     0x10a5 ./Core/Src/main.o
 .debug_info    0x00001af9      0xc81 ./Core/Src/stm32f3xx_hal_msp.o
 .debug_info    0x0000277a      0x113 ./Core/Src/stm32f3xx_it.o
 .debug_info    0x0000288d      0x407 ./Core/Src/system_stm32f3xx.o
 .debug_info    0x00002c94       0x30 ./Core/Startup/startup_stm32f303retx.o
 .debug_info    0x00002cc4      0x804 ./Drivers/STM32F3xx_HAL_Driver/Src/stm32f3xx_hal.o
 .debug_info    0x000034c8      0xd14 ./Drivers/STM32F3xx_HAL_Driver/Src/stm32f3xx_hal_cortex.o
 .debug_info    0x000041dc      0x6a6 ./Drivers/STM32F3xx_HAL_Driver/Src/stm32f3xx_hal_gpio.o
 .debug_info    0x00004882     0x20c3 ./Drivers/STM32F3xx_HAL_Driver/Src/stm32f3xx_hal_i2c.o
 .debug_info    0x00006945      0x8c0 ./Drivers/STM32F3xx_HAL_Driver/Src/stm32f3xx_hal_i2c_ex.o
 .debug_info    0x00007205     0x149a ./Drivers/STM32F3xx_HAL_Driver/Src/stm32f3xx_hal_rcc.o
 .debug_info    0x0000869f      0x61b ./Drivers/STM32F3xx_HAL_Driver/Src/stm32f3xx_hal_rcc_ex.o
 .debug_info    0x00008cba     0x39a8 ./Drivers/STM32F3xx_HAL_Driver/Src/stm32f3xx_hal_uart.o

.debug_abbrev   0x00000000     0x1b5c
 .debug_abbrev  0x00000000      0x25f ./Core/Src/BME280_STM32.o
 .debug_abbrev  0x0000025f      0x289 ./Core/Src/main.o
 .debug_abbrev  0x000004e8      0x1b2 ./Core/Src/stm32f3xx_hal_msp.o
 .debug_abbrev  0x0000069a       0x73 ./Core/Src/stm32f3xx_it.o
 .debug_abbrev  0x0000070d      0x11a ./Core/Src/system_stm32f3xx.o
 .debug_abbrev  0x00000827       0x24 ./Core/Startup/startup_stm32f303retx.o
 .debug_abbrev  0x0000084b      0x215 ./Drivers/STM32F3xx_HAL_Driver/Src/stm32f3xx_hal.o
 .debug_abbrev  0x00000a60      0x31e ./Drivers/STM32F3xx_HAL_Driver/Src/stm32f3xx_hal_cortex.o
 .debug_abbrev  0x00000d7e      0x1ca ./Drivers/STM32F3xx_HAL_Driver/Src/stm32f3xx_hal_gpio.o
 .debug_abbrev  0x00000f48      0x260 ./Drivers/STM32F3xx_HAL_Driver/Src/stm32f3xx_hal_i2c.o
 .debug_abbrev  0x000011a8      0x1c2 ./Drivers/STM32F3xx_HAL_Driver/Src/stm32f3xx_hal_i2c_ex.o
 .debug_abbrev  0x0000136a      0x300 ./Drivers/STM32F3xx_HAL_Driver/Src/stm32f3xx_hal_rcc.o
 .debug_abbrev  0x0000166a      0x221 ./Drivers/STM32F3xx_HAL_Driver/Src/stm32f3xx_hal_rcc_ex.o
 .debug_abbrev  0x0000188b      0x2d1 ./Drivers/STM32F3xx_HAL_Driver/Src/stm32f3xx_hal_uart.o

.debug_aranges  0x00000000      0x9c0
 .debug_aranges
                0x00000000       0x58 ./Core/Src/BME280_STM32.o
 .debug_aranges
                0x00000058       0x48 ./Core/Src/main.o
 .debug_aranges
                0x000000a0       0x40 ./Core/Src/stm32f3xx_hal_msp.o
 .debug_aranges
                0x000000e0       0x60 ./Core/Src/stm32f3xx_it.o
 .debug_aranges
                0x00000140       0x28 ./Core/Src/system_stm32f3xx.o
 .debug_aranges
                0x00000168       0x28 ./Core/Startup/startup_stm32f303retx.o
 .debug_aranges
                0x00000190       0xe0 ./Drivers/STM32F3xx_HAL_Driver/Src/stm32f3xx_hal.o
 .debug_aranges
                0x00000270      0x128 ./Drivers/STM32F3xx_HAL_Driver/Src/stm32f3xx_hal_cortex.o
 .debug_aranges
                0x00000398       0x58 ./Drivers/STM32F3xx_HAL_Driver/Src/stm32f3xx_hal_gpio.o
 .debug_aranges
                0x000003f0      0x2a0 ./Drivers/STM32F3xx_HAL_Driver/Src/stm32f3xx_hal_i2c.o
 .debug_aranges
                0x00000690       0x48 ./Drivers/STM32F3xx_HAL_Driver/Src/stm32f3xx_hal_i2c_ex.o
 .debug_aranges
                0x000006d8       0x88 ./Drivers/STM32F3xx_HAL_Driver/Src/stm32f3xx_hal_rcc.o
 .debug_aranges
                0x00000760       0x38 ./Drivers/STM32F3xx_HAL_Driver/Src/stm32f3xx_hal_rcc_ex.o
 .debug_aranges
                0x00000798      0x228 ./Drivers/STM32F3xx_HAL_Driver/Src/stm32f3xx_hal_uart.o

.debug_rnglists
                0x00000000      0x79d
 .debug_rnglists
                0x00000000       0x44 ./Core/Src/BME280_STM32.o
 .debug_rnglists
                0x00000044       0x34 ./Core/Src/main.o
 .debug_rnglists
                0x00000078       0x2d ./Core/Src/stm32f3xx_hal_msp.o
 .debug_rnglists
                0x000000a5       0x43 ./Core/Src/stm32f3xx_it.o
 .debug_rnglists
                0x000000e8       0x1a ./Core/Src/system_stm32f3xx.o
 .debug_rnglists
                0x00000102       0x19 ./Core/Startup/startup_stm32f303retx.o
 .debug_rnglists
                0x0000011b       0xa3 ./Drivers/STM32F3xx_HAL_Driver/Src/stm32f3xx_hal.o
 .debug_rnglists
                0x000001be       0xda ./Drivers/STM32F3xx_HAL_Driver/Src/stm32f3xx_hal_cortex.o
 .debug_rnglists
                0x00000298       0x3f ./Drivers/STM32F3xx_HAL_Driver/Src/stm32f3xx_hal_gpio.o
 .debug_rnglists
                0x000002d7      0x228 ./Drivers/STM32F3xx_HAL_Driver/Src/stm32f3xx_hal_i2c.o
 .debug_rnglists
                0x000004ff       0x35 ./Drivers/STM32F3xx_HAL_Driver/Src/stm32f3xx_hal_i2c_ex.o
 .debug_rnglists
                0x00000534       0x66 ./Drivers/STM32F3xx_HAL_Driver/Src/stm32f3xx_hal_rcc.o
 .debug_rnglists
                0x0000059a       0x29 ./Drivers/STM32F3xx_HAL_Driver/Src/stm32f3xx_hal_rcc_ex.o
 .debug_rnglists
                0x000005c3      0x1da ./Drivers/STM32F3xx_HAL_Driver/Src/stm32f3xx_hal_uart.o

.debug_macro    0x00000000    0x1f4e0
 .debug_macro   0x00000000      0x1e4 ./Core/Src/BME280_STM32.o
 .debug_macro   0x000001e4      0xab4 ./Core/Src/BME280_STM32.o
 .debug_macro   0x00000c98      0x151 ./Core/Src/BME280_STM32.o
 .debug_macro   0x00000de9       0x2e ./Core/Src/BME280_STM32.o
 .debug_macro   0x00000e17       0x28 ./Core/Src/BME280_STM32.o
 .debug_macro   0x00000e3f       0x22 ./Core/Src/BME280_STM32.o
 .debug_macro   0x00000e61       0x8e ./Core/Src/BME280_STM32.o
 .debug_macro   0x00000eef       0x51 ./Core/Src/BME280_STM32.o
 .debug_macro   0x00000f40      0x103 ./Core/Src/BME280_STM32.o
 .debug_macro   0x00001043       0x6a ./Core/Src/BME280_STM32.o
 .debug_macro   0x000010ad      0x1df ./Core/Src/BME280_STM32.o
 .debug_macro   0x0000128c       0x1c ./Core/Src/BME280_STM32.o
 .debug_macro   0x000012a8       0x22 ./Core/Src/BME280_STM32.o
 .debug_macro   0x000012ca       0xd9 ./Core/Src/BME280_STM32.o
 .debug_macro   0x000013a3     0x102d ./Core/Src/BME280_STM32.o
 .debug_macro   0x000023d0      0x11f ./Core/Src/BME280_STM32.o
 .debug_macro   0x000024ef    0x1535a ./Core/Src/BME280_STM32.o
 .debug_macro   0x00017849       0x6d ./Core/Src/BME280_STM32.o
 .debug_macro   0x000178b6     0x3574 ./Core/Src/BME280_STM32.o
 .debug_macro   0x0001ae2a      0x189 ./Core/Src/BME280_STM32.o
 .debug_macro   0x0001afb3       0x55 ./Core/Src/BME280_STM32.o
 .debug_macro   0x0001b008      0x953 ./Core/Src/BME280_STM32.o
 .debug_macro   0x0001b95b      0x84a ./Core/Src/BME280_STM32.o
 .debug_macro   0x0001c1a5      0x1b5 ./Core/Src/BME280_STM32.o
 .debug_macro   0x0001c35a      0x23a ./Core/Src/BME280_STM32.o
 .debug_macro   0x0001c594      0x1ea ./Core/Src/BME280_STM32.o
 .debug_macro   0x0001c77e      0x1bc ./Core/Src/BME280_STM32.o
 .debug_macro   0x0001c93a       0x30 ./Core/Src/BME280_STM32.o
 .debug_macro   0x0001c96a       0x3c ./Core/Src/BME280_STM32.o
 .debug_macro   0x0001c9a6      0x235 ./Core/Src/BME280_STM32.o
 .debug_macro   0x0001cbdb       0xc5 ./Core/Src/BME280_STM32.o
 .debug_macro   0x0001cca0      0x21d ./Core/Src/BME280_STM32.o
 .debug_macro   0x0001cebd      0x22c ./Core/Src/BME280_STM32.o
 .debug_macro   0x0001d0e9       0x5b ./Core/Src/BME280_STM32.o
 .debug_macro   0x0001d144       0xa5 ./Core/Src/BME280_STM32.o
 .debug_macro   0x0001d1e9       0x81 ./Core/Src/BME280_STM32.o
 .debug_macro   0x0001d26a       0xd3 ./Core/Src/BME280_STM32.o
 .debug_macro   0x0001d33d      0x5ba ./Core/Src/BME280_STM32.o
 .debug_macro   0x0001d8f7       0x44 ./Core/Src/BME280_STM32.o
 .debug_macro   0x0001d93b      0x347 ./Core/Src/BME280_STM32.o
 .debug_macro   0x0001dc82       0xb2 ./Core/Src/BME280_STM32.o
 .debug_macro   0x0001dd34      0x1db ./Core/Src/main.o
 .debug_macro   0x0001df0f       0x58 ./Core/Src/main.o
 .debug_macro   0x0001df67       0xb8 ./Core/Src/main.o
 .debug_macro   0x0001e01f      0x1d2 ./Core/Src/stm32f3xx_hal_msp.o
 .debug_macro   0x0001e1f1      0x1dc ./Core/Src/stm32f3xx_it.o
 .debug_macro   0x0001e3cd      0x1c3 ./Core/Src/system_stm32f3xx.o
 .debug_macro   0x0001e590      0x1e7 ./Drivers/STM32F3xx_HAL_Driver/Src/stm32f3xx_hal.o
 .debug_macro   0x0001e777      0x1c3 ./Drivers/STM32F3xx_HAL_Driver/Src/stm32f3xx_hal_cortex.o
 .debug_macro   0x0001e93a      0x1ca ./Drivers/STM32F3xx_HAL_Driver/Src/stm32f3xx_hal_gpio.o
 .debug_macro   0x0001eb04      0x28f ./Drivers/STM32F3xx_HAL_Driver/Src/stm32f3xx_hal_i2c.o
 .debug_macro   0x0001ed93      0x1c3 ./Drivers/STM32F3xx_HAL_Driver/Src/stm32f3xx_hal_i2c_ex.o
 .debug_macro   0x0001ef56      0x1e7 ./Drivers/STM32F3xx_HAL_Driver/Src/stm32f3xx_hal_rcc.o
 .debug_macro   0x0001f13d      0x1c3 ./Drivers/STM32F3xx_HAL_Driver/Src/stm32f3xx_hal_rcc_ex.o
 .debug_macro   0x0001f300      0x1e0 ./Drivers/STM32F3xx_HAL_Driver/Src/stm32f3xx_hal_uart.o

.debug_line     0x00000000     0xe6f9
 .debug_line    0x00000000      0xbc1 ./Core/Src/BME280_STM32.o
 .debug_line    0x00000bc1      0x8ab ./Core/Src/main.o
 .debug_line    0x0000146c      0x7e5 ./Core/Src/stm32f3xx_hal_msp.o
 .debug_line    0x00001c51      0x80b ./Core/Src/stm32f3xx_it.o
 .debug_line    0x0000245c      0x7c7 ./Core/Src/system_stm32f3xx.o
 .debug_line    0x00002c23       0x7a ./Core/Startup/startup_stm32f303retx.o
 .debug_line    0x00002c9d      0x9fa ./Drivers/STM32F3xx_HAL_Driver/Src/stm32f3xx_hal.o
 .debug_line    0x00003697      0xce7 ./Drivers/STM32F3xx_HAL_Driver/Src/stm32f3xx_hal_cortex.o
 .debug_line    0x0000437e      0xb99 ./Drivers/STM32F3xx_HAL_Driver/Src/stm32f3xx_hal_gpio.o
 .debug_line    0x00004f17     0x3a71 ./Drivers/STM32F3xx_HAL_Driver/Src/stm32f3xx_hal_i2c.o
 .debug_line    0x00008988      0x966 ./Drivers/STM32F3xx_HAL_Driver/Src/stm32f3xx_hal_i2c_ex.o
 .debug_line    0x000092ee     0x13a6 ./Drivers/STM32F3xx_HAL_Driver/Src/stm32f3xx_hal_rcc.o
 .debug_line    0x0000a694      0xf0f ./Drivers/STM32F3xx_HAL_Driver/Src/stm32f3xx_hal_rcc_ex.o
 .debug_line    0x0000b5a3     0x3156 ./Drivers/STM32F3xx_HAL_Driver/Src/stm32f3xx_hal_uart.o

.debug_str      0x00000000    0xbd8f0
 .debug_str     0x00000000    0xba702 ./Core/Src/BME280_STM32.o
                              0xbae4b (size before relaxing)
 .debug_str     0x000ba702      0x80b ./Core/Src/main.o
                              0xbb490 (size before relaxing)
 .debug_str     0x000baf0d       0xaa ./Core/Src/stm32f3xx_hal_msp.o
                              0xbaf04 (size before relaxing)
 .debug_str     0x000bafb7       0xc9 ./Core/Src/stm32f3xx_it.o
                              0xba754 (size before relaxing)
 .debug_str     0x000bb080       0xe9 ./Core/Src/system_stm32f3xx.o
                              0xba6bd (size before relaxing)
 .debug_str     0x000bb169       0x44 ./Core/Startup/startup_stm32f303retx.o
                                 0x7e (size before relaxing)
 .debug_str     0x000bb1ad      0x700 ./Drivers/STM32F3xx_HAL_Driver/Src/stm32f3xx_hal.o
                              0xbaf66 (size before relaxing)
 .debug_str     0x000bb8ad      0x393 ./Drivers/STM32F3xx_HAL_Driver/Src/stm32f3xx_hal_cortex.o
                              0xbafea (size before relaxing)
 .debug_str     0x000bbc40      0x185 ./Drivers/STM32F3xx_HAL_Driver/Src/stm32f3xx_hal_gpio.o
                              0xba8a2 (size before relaxing)
 .debug_str     0x000bbdc5      0xe5e ./Drivers/STM32F3xx_HAL_Driver/Src/stm32f3xx_hal_i2c.o
                              0xbb9bd (size before relaxing)
 .debug_str     0x000bcc23       0xb8 ./Drivers/STM32F3xx_HAL_Driver/Src/stm32f3xx_hal_i2c_ex.o
                              0xbac40 (size before relaxing)
 .debug_str     0x000bccdb      0x2d2 ./Drivers/STM32F3xx_HAL_Driver/Src/stm32f3xx_hal_rcc.o
                              0xbab61 (size before relaxing)
 .debug_str     0x000bcfad       0xbe ./Drivers/STM32F3xx_HAL_Driver/Src/stm32f3xx_hal_rcc_ex.o
                              0xba9ab (size before relaxing)
 .debug_str     0x000bd06b      0x885 ./Drivers/STM32F3xx_HAL_Driver/Src/stm32f3xx_hal_uart.o
                              0xbb3e0 (size before relaxing)

.comment        0x00000000       0x43
 .comment       0x00000000       0x43 ./Core/Src/BME280_STM32.o
                                 0x44 (size before relaxing)
 .comment       0x00000043       0x44 ./Core/Src/main.o
 .comment       0x00000043       0x44 ./Core/Src/stm32f3xx_hal_msp.o
 .comment       0x00000043       0x44 ./Core/Src/stm32f3xx_it.o
 .comment       0x00000043       0x44 ./Core/Src/system_stm32f3xx.o
 .comment       0x00000043       0x44 ./Drivers/STM32F3xx_HAL_Driver/Src/stm32f3xx_hal.o
 .comment       0x00000043       0x44 ./Drivers/STM32F3xx_HAL_Driver/Src/stm32f3xx_hal_cortex.o
 .comment       0x00000043       0x44 ./Drivers/STM32F3xx_HAL_Driver/Src/stm32f3xx_hal_gpio.o
 .comment       0x00000043       0x44 ./Drivers/STM32F3xx_HAL_Driver/Src/stm32f3xx_hal_i2c.o
 .comment       0x00000043       0x44 ./Drivers/STM32F3xx_HAL_Driver/Src/stm32f3xx_hal_i2c_ex.o
 .comment       0x00000043       0x44 ./Drivers/STM32F3xx_HAL_Driver/Src/stm32f3xx_hal_rcc.o
 .comment       0x00000043       0x44 ./Drivers/STM32F3xx_HAL_Driver/Src/stm32f3xx_hal_rcc_ex.o
 .comment       0x00000043       0x44 ./Drivers/STM32F3xx_HAL_Driver/Src/stm32f3xx_hal_uart.o

.debug_frame    0x00000000     0x28e4
 .debug_frame   0x00000000      0x140 ./Core/Src/BME280_STM32.o
 .debug_frame   0x00000140       0xcc ./Core/Src/main.o
 .debug_frame   0x0000020c       0xc4 ./Core/Src/stm32f3xx_hal_msp.o
 .debug_frame   0x000002d0      0x104 ./Core/Src/stm32f3xx_it.o
 .debug_frame   0x000003d4       0x58 ./Core/Src/system_stm32f3xx.o
 .debug_frame   0x0000042c      0x334 ./Drivers/STM32F3xx_HAL_Driver/Src/stm32f3xx_hal.o
 .debug_frame   0x00000760      0x4e8 ./Drivers/STM32F3xx_HAL_Driver/Src/stm32f3xx_hal_cortex.o
 .debug_frame   0x00000c48      0x14c ./Drivers/STM32F3xx_HAL_Driver/Src/stm32f3xx_hal_gpio.o
 .debug_frame   0x00000d94      0xc38 ./Drivers/STM32F3xx_HAL_Driver/Src/stm32f3xx_hal_i2c.o
 .debug_frame   0x000019cc      0x100 ./Drivers/STM32F3xx_HAL_Driver/Src/stm32f3xx_hal_i2c_ex.o
 .debug_frame   0x00001acc      0x214 ./Drivers/STM32F3xx_HAL_Driver/Src/stm32f3xx_hal_rcc.o
 .debug_frame   0x00001ce0       0xb0 ./Drivers/STM32F3xx_HAL_Driver/Src/stm32f3xx_hal_rcc_ex.o
 .debug_frame   0x00001d90      0x9e8 ./Drivers/STM32F3xx_HAL_Driver/Src/stm32f3xx_hal_uart.o
 .debug_frame   0x00002778       0x20 C:/ST/STM32CubeIDE_1.16.0/STM32CubeIDE/plugins/com.st.stm32cube.ide.mcu.externaltools.gnu-tools-for-stm32.12.3.rel1.win32_1.0.200.202406191623/tools/bin/../lib/gcc/arm-none-eabi/12.3.1/../../../../arm-none-eabi/lib/thumb/v7e-m+fp/hard\libc_nano.a(libc_a-memset.o)
 .debug_frame   0x00002798       0x2c C:/ST/STM32CubeIDE_1.16.0/STM32CubeIDE/plugins/com.st.stm32cube.ide.mcu.externaltools.gnu-tools-for-stm32.12.3.rel1.win32_1.0.200.202406191623/tools/bin/../lib/gcc/arm-none-eabi/12.3.1/../../../../arm-none-eabi/lib/thumb/v7e-m+fp/hard\libc_nano.a(libc_a-init.o)
 .debug_frame   0x000027c4       0xac C:/ST/STM32CubeIDE_1.16.0/STM32CubeIDE/plugins/com.st.stm32cube.ide.mcu.externaltools.gnu-tools-for-stm32.12.3.rel1.win32_1.0.200.202406191623/tools/bin/../lib/gcc/arm-none-eabi/12.3.1/thumb/v7e-m+fp/hard\libgcc.a(_arm_addsubdf3.o)
 .debug_frame   0x00002870       0x50 C:/ST/STM32CubeIDE_1.16.0/STM32CubeIDE/plugins/com.st.stm32cube.ide.mcu.externaltools.gnu-tools-for-stm32.12.3.rel1.win32_1.0.200.202406191623/tools/bin/../lib/gcc/arm-none-eabi/12.3.1/thumb/v7e-m+fp/hard\libgcc.a(_arm_muldivdf3.o)
 .debug_frame   0x000028c0       0x24 C:/ST/STM32CubeIDE_1.16.0/STM32CubeIDE/plugins/com.st.stm32cube.ide.mcu.externaltools.gnu-tools-for-stm32.12.3.rel1.win32_1.0.200.202406191623/tools/bin/../lib/gcc/arm-none-eabi/12.3.1/thumb/v7e-m+fp/hard\libgcc.a(_arm_truncdfsf2.o)

.debug_line_str
                0x00000000       0x62
 .debug_line_str
                0x00000000       0x62 ./Core/Startup/startup_stm32f303retx.o
