../Core/Src/main.c:82:6:sd_card_write_to_csv	280	static
../Core/Src/main.c:121:5:main	672	static
../Core/Src/main.c:215:6:SystemClock_Config	88	static
../Core/Src/main.c:263:13:MX_ADC1_Init	24	static
../Core/Src/main.c:315:13:MX_ADC2_Init	24	static
../Core/Src/main.c:367:13:MX_ADC3_Init	24	static
../Core/Src/main.c:419:13:MX_SPI1_Init	8	static
../Core/Src/main.c:457:13:MX_TIM13_Init	8	static
../Core/Src/main.c:488:13:MX_TIM14_Init	8	static
../Core/Src/main.c:519:13:MX_UART4_Init	8	static
../Core/Src/main.c:552:13:MX_GPIO_Init	16	static
../Core/Src/main.c:567:6:HAL_TIM_PeriodElapsedCallback	24	static
../Core/Src/main.c:605:6:Error_Handler	4	static,ignoring_inline_asm
