../Core/Src/main.c:160:10:formatMsg1	168	static
../Core/Src/main.c:196:10:formatMsg2	80	static
../Core/Src/main.c:220:6:buildMsg	32	static
../Core/Src/main.c:230:6:create_new_filename	64	static
../Core/Src/main.c:252:5:main	4792	static
../Core/Src/main.c:587:6:SystemClock_Config	88	static
../Core/Src/main.c:635:13:MX_ADC1_Init	24	static
../Core/Src/main.c:687:13:MX_ADC2_Init	24	static
../Core/Src/main.c:739:13:MX_ADC3_Init	24	static
../Core/Src/main.c:791:13:MX_CAN1_Init	48	static
../Core/Src/main.c:877:13:MX_SPI1_Init	8	static
../Core/Src/main.c:915:13:MX_TIM2_Init	32	static
../Core/Src/main.c:960:13:MX_TIM13_Init	8	static
../Core/Src/main.c:991:13:MX_TIM14_Init	8	static
../Core/Src/main.c:1022:13:MX_UART4_Init	8	static
../Core/Src/main.c:1053:13:MX_DMA_Init	16	static
../Core/Src/main.c:1077:13:MX_GPIO_Init	40	static
../Core/Src/main.c:1104:6:HAL_TIM_PeriodElapsedCallback	16	static
../Core/Src/main.c:1118:6:HAL_CAN_RxFifo0MsgPendingCallback	16	static
../Core/Src/main.c:1127:6:HAL_ADC_ConvHalfCpltCallback	32	static
../Core/Src/main.c:1156:6:HAL_ADC_ConvCpltCallback	32	static
../Core/Src/main.c:1190:6:Error_Handler	4	static,ignoring_inline_asm
